// Jest Snapshot v1, https://goo.gl/fbAQLP

exports[`bulma derived-variables should match a snapshot 1`] = `
Object {
  "background": "whitesmoke",
  "blueInvert": "#fff",
  "border": "#dbdbdb",
  "borderHover": "#b5b5b5",
  "code": "#ff3860",
  "codeBackground": "whitesmoke",
  "colors": Object {
    "black": "#0a0a0a, white",
    "danger": "#ff3860, #fff",
    "dark": "#363636, whitesmoke",
    "info": "#209cee, #fff",
    "light": "whitesmoke, #363636",
    "link": "#3273dc, #fff",
    "primary": "#00d1b2, #fff",
    "success": "#23d160, #fff",
    "warning": "#ffdd57, rgba(0, 0, 0, 0.7)",
    "white": "white, #0a0a0a",
  },
  "cyanInvert": "#fff",
  "danger": "#ff3860",
  "dangerInvert": "#fff",
  "dark": "#363636",
  "darkInvert": "whitesmoke",
  "familyCode": "monospace",
  "familyPrimary": "BlinkMacSystemFont, -apple-system, \\"Segoe UI\\", \\"Roboto\\", \\"Oxygen\\", \\"Ubuntu\\", \\"Cantarell\\", \\"Fira Sans\\", \\"Droid Sans\\", \\"Helvetica Neue\\", \\"Helvetica\\", \\"Arial\\", sans-serif",
  "greenInvert": "#fff",
  "info": "#209cee",
  "infoInvert": "#fff",
  "light": "whitesmoke",
  "lightInvert": "#363636",
  "link": "#3273dc",
  "linkActive": "#363636",
  "linkActiveBorder": "#4a4a4a",
  "linkFocus": "#363636",
  "linkFocusBorder": "#3273dc",
  "linkHover": "#363636",
  "linkHoverBorder": "#b5b5b5",
  "linkInvert": "#fff",
  "linkVisited": "#b86bff",
  "orangeInvert": "#fff",
  "pre": "#4a4a4a",
  "preBackground": "whitesmoke",
  "primary": "#00d1b2",
  "primaryInvert": "#fff",
  "purpleInvert": "#fff",
  "redInvert": "#fff",
  "shades": Object {
    "blackBis": "#121212",
    "blackTer": "#242424",
    "grey": "#7a7a7a",
    "greyDark": "#4a4a4a",
    "greyDarker": "#363636",
    "greyLight": "#b5b5b5",
    "greyLighter": "#dbdbdb",
    "whiteBis": "#fafafa",
    "whiteTer": "whitesmoke",
  },
  "sizeLarge": "1.5rem",
  "sizeMedium": "1.25rem",
  "sizeNormal": "1rem",
  "sizeSmall": "0.75rem",
  "sizes": "3rem 2.5rem 2rem 1.5rem 1.25rem 1rem 0.75rem",
  "success": "#23d160",
  "successInvert": "#fff",
  "text": "#4a4a4a",
  "textInvert": "#fff",
  "textLight": "#7a7a7a",
  "textStrong": "#363636",
  "turquoiseInvert": "#fff",
  "warning": "#ffdd57",
  "warningInvert": "rgba(0, 0, 0, 0.7)",
  "yellowInvert": "rgba(0, 0, 0, 0.7)",
}
`;

exports[`bulma derived-variables with preserved variables names 1`] = `
Object {
  "background": "whitesmoke",
  "blue-invert": "#fff",
  "border": "#dbdbdb",
  "border-hover": "#b5b5b5",
  "code": "#ff3860",
  "code-background": "whitesmoke",
  "colors": Object {
    "black": "#0a0a0a, white",
    "danger": "#ff3860, #fff",
    "dark": "#363636, whitesmoke",
    "info": "#209cee, #fff",
    "light": "whitesmoke, #363636",
    "link": "#3273dc, #fff",
    "primary": "#00d1b2, #fff",
    "success": "#23d160, #fff",
    "warning": "#ffdd57, rgba(0, 0, 0, 0.7)",
    "white": "white, #0a0a0a",
  },
  "cyan-invert": "#fff",
  "danger": "#ff3860",
  "danger-invert": "#fff",
  "dark": "#363636",
  "dark-invert": "whitesmoke",
  "family-code": "monospace",
  "family-primary": "BlinkMacSystemFont, -apple-system, \\"Segoe UI\\", \\"Roboto\\", \\"Oxygen\\", \\"Ubuntu\\", \\"Cantarell\\", \\"Fira Sans\\", \\"Droid Sans\\", \\"Helvetica Neue\\", \\"Helvetica\\", \\"Arial\\", sans-serif",
  "green-invert": "#fff",
  "info": "#209cee",
  "info-invert": "#fff",
  "light": "whitesmoke",
  "light-invert": "#363636",
  "link": "#3273dc",
  "link-active": "#363636",
  "link-active-border": "#4a4a4a",
  "link-focus": "#363636",
  "link-focus-border": "#3273dc",
  "link-hover": "#363636",
  "link-hover-border": "#b5b5b5",
  "link-invert": "#fff",
  "link-visited": "#b86bff",
  "orange-invert": "#fff",
  "pre": "#4a4a4a",
  "pre-background": "whitesmoke",
  "primary": "#00d1b2",
  "primary-invert": "#fff",
  "purple-invert": "#fff",
  "red-invert": "#fff",
  "shades": Object {
    "black-bis": "#121212",
    "black-ter": "#242424",
    "grey": "#7a7a7a",
    "grey-dark": "#4a4a4a",
    "grey-darker": "#363636",
    "grey-light": "#b5b5b5",
    "grey-lighter": "#dbdbdb",
    "white-bis": "#fafafa",
    "white-ter": "whitesmoke",
  },
  "size-large": "1.5rem",
  "size-medium": "1.25rem",
  "size-normal": "1rem",
  "size-small": "0.75rem",
  "sizes": "3rem 2.5rem 2rem 1.5rem 1.25rem 1rem 0.75rem",
  "success": "#23d160",
  "success-invert": "#fff",
  "text": "#4a4a4a",
  "text-invert": "#fff",
  "text-light": "#7a7a7a",
  "text-strong": "#363636",
  "turquoise-invert": "#fff",
  "warning": "#ffdd57",
  "warning-invert": "rgba(0, 0, 0, 0.7)",
  "yellow-invert": "rgba(0, 0, 0, 0.7)",
}
`;
