// Jest Snapshot v1, https://goo.gl/fbAQLP

exports[`bulma derived-variables.sass should yield a large object 1`] = `
Object {
  "background": "whitesmoke",
  "blueInvert": "#fff",
  "border": "#dbdbdb",
  "borderHover": "#b5b5b5",
  "code": "#ff3860",
  "codeBackground": "whitesmoke",
  "cyanInvert": "#fff",
  "danger": "#ff3860",
  "dangerInvert": "#fff",
  "dark": "#363636",
  "darkInvert": "whitesmoke",
  "familyCode": "monospace",
  "greenInvert": "#fff",
  "info": "#209cee",
  "infoInvert": "#fff",
  "light": "whitesmoke",
  "lightInvert": "#363636",
  "link": "#3273dc",
  "linkActive": "#363636",
  "linkActiveBorder": "#4a4a4a",
  "linkFocus": "#363636",
  "linkFocusBorder": "#3273dc",
  "linkHover": "#363636",
  "linkHoverBorder": "#b5b5b5",
  "linkInvert": "#fff",
  "linkVisited": "#b86bff",
  "orangeInvert": "#fff",
  "pre": "#4a4a4a",
  "preBackground": "whitesmoke",
  "primary": "#00d1b2",
  "primaryInvert": "#fff",
  "purpleInvert": "#fff",
  "redInvert": "#fff",
  "sizeLarge": "1.5rem",
  "sizeMedium": "1.25rem",
  "sizeNormal": "1rem",
  "sizeSmall": "0.75rem",
  "success": "#23d160",
  "successInvert": "#fff",
  "text": "#4a4a4a",
  "textInvert": "#fff",
  "textLight": "#7a7a7a",
  "textStrong": "#363636",
  "turquoiseInvert": "#fff",
  "warning": "#ffdd57",
  "warningInvert": "rgba(0, 0, 0, 0.7)",
  "yellowInvert": "rgba(0, 0, 0, 0.7)",
}
`;
