// Jest Snapshot v1, https://goo.gl/fbAQLP

exports[`element-ui var.scss should match snapshot 1`] = `
Object {
  "alertBorderRadius": "4px",
  "alertCloseCustomedFontSize": "13px",
  "alertCloseFontSize": "12px",
  "alertDangerColor": "#fef0f0",
  "alertDescriptionFontSize": "12px",
  "alertIconLargeSize": "28px",
  "alertIconSize": "16px",
  "alertInfoColor": "#f4f4f5",
  "alertPadding": "8px 16px",
  "alertSuccessColor": "#f0f9eb",
  "alertTitleFontSize": "13px",
  "alertWarningColor": "#fdf6ec",
  "allTransition": "all 0.3s cubic-bezier(0.645, 0.045, 0.355, 1)",
  "backgroundColorBase": "#f5f7fa",
  "badgeFill": "#f56c6c",
  "badgeFontSize": "12px",
  "badgePadding": "6px",
  "badgeRadius": "10px",
  "badgeSize": "18px",
  "borderBase": "1px solid #dcdfe6",
  "borderColorBase": "#dcdfe6",
  "borderColorExtraLight": "#f2f6fc",
  "borderColorHover": "#c0c4cc",
  "borderColorLight": "#e4e7ed",
  "borderColorLighter": "#ebeef5",
  "borderRadiusBase": "4px",
  "borderRadiusCircle": "100%",
  "borderRadiusSmall": "2px",
  "borderStyleBase": "solid",
  "borderTransitionBase": "border-color 0.2s cubic-bezier(0.645, 0.045, 0.355, 1)",
  "borderWidthBase": "1px",
  "boxShadowBase": "0 2px 4px rgba(0, 0, 0, 0.12), 0 0 6px rgba(0, 0, 0, 0.04)",
  "boxShadowDark": "0 2px 4px rgba(0, 0, 0, 0.12), 0 0 6px rgba(0, 0, 0, 0.12)",
  "boxShadowLight": "0 2px 12px 0 rgba(0, 0, 0, 0.1)",
  "breakpoints": Object {
    "lg": "(min-width: 1200px)",
    "md": "(min-width: 992px)",
    "sm": "(min-width: 768px)",
    "xl": "(min-width: 1920px)",
    "xs": "(max-width: 768px)",
  },
  "breakpointsSpec": Object {
    "lgAndDown": "(max-width: 1919px)",
    "lgAndUp": "(min-width: 1200px)",
    "lgOnly": "(min-width: 1200px) and (max-width: 1920px - 1)",
    "mdAndDown": "(max-width: 1199px)",
    "mdAndUp": "(min-width: 992px)",
    "mdOnly": "(min-width: 992px) and (max-width: 1200px - 1)",
    "smAndDown": "(max-width: 991px)",
    "smAndUp": "(min-width: 768px)",
    "smOnly": "(min-width: 768px) and (max-width: 992px - 1)",
    "xlOnly": "(min-width: 1920px)",
    "xsOnly": "(max-width: 767px)",
  },
  "buttonActiveShadePercent": "10%",
  "buttonBorderRadius": "4px",
  "buttonDangerBorder": "#f56c6c",
  "buttonDangerColor": "#fff",
  "buttonDangerFill": "#f56c6c",
  "buttonDefaultBorder": "#dcdfe6",
  "buttonDefaultColor": "#606266",
  "buttonDefaultFill": "#fff",
  "buttonDisabledBorder": "#ebeef5",
  "buttonDisabledColor": "#c0c4cc",
  "buttonDisabledFill": "#fff",
  "buttonFontSize": "14px",
  "buttonFontWeight": "500",
  "buttonHoverTintPercent": "20%",
  "buttonInfoBorder": "#909399",
  "buttonInfoColor": "#fff",
  "buttonInfoFill": "#909399",
  "buttonMediumBorderRadius": "4px",
  "buttonMediumFontSize": "14px",
  "buttonMediumPaddingHorizontal": "20px",
  "buttonMediumPaddingVertical": "10px",
  "buttonMiniBorderRadius": "3px",
  "buttonMiniFontSize": "12px",
  "buttonMiniPaddingHorizontal": "15px",
  "buttonMiniPaddingVertical": "7px",
  "buttonPaddingHorizontal": "20px",
  "buttonPaddingVertical": "12px",
  "buttonPrimaryBorder": "#409EFF",
  "buttonPrimaryColor": "#fff",
  "buttonPrimaryFill": "#409EFF",
  "buttonSmallBorderRadius": "3px",
  "buttonSmallFontSize": "12px",
  "buttonSmallPaddingHorizontal": "15px",
  "buttonSmallPaddingVertical": "9px",
  "buttonSuccessBorder": "#67c23a",
  "buttonSuccessColor": "#fff",
  "buttonSuccessFill": "#67c23a",
  "buttonWarningBorder": "#e6a23c",
  "buttonWarningColor": "#fff",
  "buttonWarningFill": "#e6a23c",
  "cardBorderColor": "#ebeef5",
  "cardBorderRadius": "4px",
  "cardPadding": "20px",
  "carouselArrowBackground": "rgba(31, 45, 61, 0.11)",
  "carouselArrowFontSize": "12px",
  "carouselArrowHoverBackground": "rgba(31, 45, 61, 0.23)",
  "carouselArrowSize": "36px",
  "carouselIndicatorHeight": "2px",
  "carouselIndicatorOutColor": "#c0c4cc",
  "carouselIndicatorPaddingHorizontal": "4px",
  "carouselIndicatorPaddingVertical": "12px",
  "carouselIndicatorWidth": "30px",
  "cascaderHeight": "200px",
  "cascaderMenuBorder": "1px solid #dcdfe6",
  "cascaderMenuBorderColor": "#dcdfe6",
  "cascaderMenuBorderWidth": "1px",
  "cascaderMenuColor": "#606266",
  "cascaderMenuFill": "#fff",
  "cascaderMenuFontSize": "14px",
  "cascaderMenuGroupColor": "#999",
  "cascaderMenuOptionColorActive": "#909399",
  "cascaderMenuOptionColorDisabled": "#999",
  "cascaderMenuOptionColorHover": "#606266",
  "cascaderMenuOptionEmptyColor": "#666",
  "cascaderMenuOptionFillActive": "rgba(144, 147, 153, 0.12)",
  "cascaderMenuOptionFillDisabled": "rgba(0, 0, 0, 0.06)",
  "cascaderMenuOptionFillHover": "rgba(48, 49, 51, 0.06)",
  "cascaderMenuOptionPinyinColor": "#999",
  "cascaderMenuRadius": "4px",
  "cascaderMenuShadow": "0 1px 2px rgba(0, 0, 0, 0.14), 0 0 3px rgba(0, 0, 0, 0.14)",
  "cascaderMenuSubmenuShadow": "1px 1px 2px rgba(0, 0, 0, 0.14), 1px 0 2px rgba(0, 0, 0, 0.14)",
  "checkboxBorderedHeight": "40px",
  "checkboxBorderedMediumHeight": "36px",
  "checkboxBorderedMediumInputHeight": "14px",
  "checkboxBorderedMediumInputWidth": "14px",
  "checkboxBorderedMediumPadding": "7px 20px 7px 10px",
  "checkboxBorderedMiniHeight": "28px",
  "checkboxBorderedMiniInputHeight": "12px",
  "checkboxBorderedMiniInputWidth": "12px",
  "checkboxBorderedMiniPadding": "3px 15px 3px 10px",
  "checkboxBorderedPadding": "9px 20px 9px 10px",
  "checkboxBorderedSmallHeight": "32px",
  "checkboxBorderedSmallInputHeight": "12px",
  "checkboxBorderedSmallInputWidth": "12px",
  "checkboxBorderedSmallPadding": "5px 15px 5px 10px",
  "checkboxButtonCheckedBorderColor": "#409EFF",
  "checkboxButtonCheckedColor": "#fff",
  "checkboxButtonCheckedFill": "#409EFF",
  "checkboxButtonFontSize": "14px",
  "checkboxCheckedIconColor": "#fff",
  "checkboxCheckedInputBorderColor": "#409EFF",
  "checkboxCheckedInputFill": "#409EFF",
  "checkboxCheckedTextColor": "#409EFF",
  "checkboxColor": "#606266",
  "checkboxDisabledCheckedIconColor": "#c0c4cc",
  "checkboxDisabledCheckedInputBorderColor": "#dcdfe6",
  "checkboxDisabledCheckedInputFill": "#f2f6fc",
  "checkboxDisabledIconColor": "#c0c4cc",
  "checkboxDisabledInputBorderColor": "#dcdfe6",
  "checkboxDisabledInputFill": "#edf2fc",
  "checkboxFontSize": "14px",
  "checkboxFontWeight": "500",
  "checkboxIconColor": "#fff",
  "checkboxInputBorder": "1px solid #dcdfe6",
  "checkboxInputBorderColor": "#dcdfe6",
  "checkboxInputBorderColorHover": "#409EFF",
  "checkboxInputBorderRadius": "2px",
  "checkboxInputFill": "#fff",
  "checkboxInputHeight": "14px",
  "checkboxInputWidth": "14px",
  "collapseBorderColor": "#ebeef5",
  "collapseContentColor": "#303133",
  "collapseContentFill": "#fff",
  "collapseContentSize": "13px",
  "collapseHeaderColor": "#303133",
  "collapseHeaderFill": "#fff",
  "collapseHeaderHeight": "48px",
  "collapseHeaderPadding": "20px",
  "collapseHeaderSize": "13px",
  "colorBlack": "#000",
  "colorDanger": "#f56c6c",
  "colorDangerLight": "#fde2e2",
  "colorDangerLighter": "#fef0f0",
  "colorInfo": "#909399",
  "colorInfoLight": "#e9e9eb",
  "colorInfoLighter": "#f4f4f5",
  "colorPrimary": "#409EFF",
  "colorPrimaryLight1": "#53a8ff",
  "colorPrimaryLight2": "#66b1ff",
  "colorPrimaryLight3": "#79bbff",
  "colorPrimaryLight4": "#8cc5ff",
  "colorPrimaryLight5": "#a0cfff",
  "colorPrimaryLight6": "#b3d8ff",
  "colorPrimaryLight7": "#c6e2ff",
  "colorPrimaryLight8": "#d9ecff",
  "colorPrimaryLight9": "#ecf5ff",
  "colorSuccess": "#67c23a",
  "colorSuccessLight": "#e1f3d8",
  "colorSuccessLighter": "#f0f9eb",
  "colorTextPlaceholder": "#c0c4cc",
  "colorTextPrimary": "#303133",
  "colorTextRegular": "#606266",
  "colorTextSecondary": "#909399",
  "colorTransitionBase": "color 0.2s cubic-bezier(0.645, 0.045, 0.355, 1)",
  "colorWarning": "#e6a23c",
  "colorWarningLight": "#faecd8",
  "colorWarningLighter": "#fdf6ec",
  "colorWhite": "#fff",
  "datepickerActiveColor": "#409EFF",
  "datepickerBorderColor": "#e4e7ed",
  "datepickerCellHoverColor": "#fff",
  "datepickerColor": "#606266",
  "datepickerHeaderColor": "#606266",
  "datepickerIconColor": "#303133",
  "datepickerInnerBorderColor": "#e4e4e4",
  "datepickerInrangeColor": "#f2f6fc",
  "datepickerInrangeHoverColor": "#f2f6fc",
  "datepickerOffColor": "#c0c4cc",
  "datepickerTextHoverColor": "#409EFF",
  "dialogBackgroundColor": "#8cc5ff",
  "dialogBoxShadow": "0 1px 3px rgba(0, 0, 0, 0.3)",
  "dialogCloseHoverColor": "#409EFF",
  "dialogFontSize": "14px",
  "dialogLineHeight": "24px",
  "dialogPaddingPrimary": "20px",
  "dialogTitleFontSize": "18px",
  "disabledBorderBase": "#e4e7ed",
  "disabledColorBase": "#c0c4cc",
  "disabledFillBase": "#f5f7fa",
  "dropdownMenuBoxShadow": "0 2px 12px 0 rgba(0, 0, 0, 0.1)",
  "dropdownMenuItemHoverColor": "#66b1ff",
  "dropdownMenuItemHoverFill": "#ecf5ff",
  "fadeLinearTransition": "opacity 200ms linear",
  "fadeTransition": "opacity 300ms cubic-bezier(0.23, 1, 0.32, 1)",
  "fillBase": "#fff",
  "fontColorDisabledBase": "#bbb",
  "fontLineHeightPrimary": "24px",
  "fontPath": "\\"fonts\\"",
  "fontSizeBase": "14px",
  "fontSizeLarge": "18px",
  "fontSizeSmall": "13px",
  "fontWeightPrimary": "500",
  "footerPadding": "0 20px",
  "groupOptionFillHover": "rgba(0, 0, 0, 0.06)",
  "groupOptionFlex": "0 0 20%",
  "groupOptionOffsetBottom": "12px",
  "groupTitleColor": "#000",
  "groupTitleFontSize": "14px",
  "groupTitleWidth": "66px",
  "headerPadding": "0 20px",
  "iconColor": "#666",
  "iconColorBase": "#909399",
  "indexNormal": "1",
  "indexPopper": "2000",
  "indexTop": "1000",
  "inputBorder": "1px solid #dcdfe6",
  "inputBorderColor": "#dcdfe6",
  "inputBorderColorHover": "#c0c4cc",
  "inputBorderRadius": "4px",
  "inputClearHoverColor": "#909399",
  "inputColor": "#606266",
  "inputColorDisabled": "#bbb",
  "inputDisabledBorder": "#e4e7ed",
  "inputDisabledColor": "#c0c4cc",
  "inputDisabledFill": "#f5f7fa",
  "inputDisabledPlaceholderColor": "#c0c4cc",
  "inputFill": "#fff",
  "inputFillDisabled": "#f5f7fa",
  "inputFocusBorder": "#409EFF",
  "inputFocusFill": "#fff",
  "inputFontSize": "14px",
  "inputHeight": "40px",
  "inputHoverBorder": "#c0c4cc",
  "inputIconColor": "#c0c4cc",
  "inputMaxWidth": "314px",
  "inputMediumFontSize": "14px",
  "inputMediumHeight": "36px",
  "inputMiniFontSize": "12px",
  "inputMiniHeight": "28px",
  "inputPlaceholderColor": "#c0c4cc",
  "inputSmallFontSize": "13px",
  "inputSmallHeight": "32px",
  "inputWidth": "140px",
  "lg": "1200px",
  "linkColor": "#66b1ff",
  "linkHoverColor": "#409EFF",
  "loadingFullscreenSpinnerSize": "50px",
  "loadingSpinnerSize": "42px",
  "mainPadding": "20px",
  "md": "992px",
  "mdFadeTransition": "transform 300ms cubic-bezier(0.23, 1, 0.32, 1), opacity 300ms cubic-bezier(0.23, 1, 0.32, 1)",
  "menuItemColor": "#303133",
  "menuItemFill": "#fff",
  "menuItemHoverFill": "#ecf5ff",
  "messageBackgroundColor": "#edf2fc",
  "messageCloseColor": "#c0c4cc",
  "messageCloseHoverColor": "#909399",
  "messageCloseSize": "16px",
  "messageContentColor": "#606266",
  "messageDangerColor": "#f56c6c",
  "messageInfoColor": "#909399",
  "messageMinWidth": "380px",
  "messagePadding": "15px 15px 15px 20px",
  "messageShadow": "0 2px 4px rgba(0, 0, 0, 0.12), 0 0 6px rgba(0, 0, 0, 0.04)",
  "messageSuccessColor": "#67c23a",
  "messageWarningColor": "#e6a23c",
  "msgboxBorderRadius": "4px",
  "msgboxContentColor": "#606266",
  "msgboxContentFontSize": "14px",
  "msgboxDangerColor": "#f56c6c",
  "msgboxErrorFontSize": "12px",
  "msgboxFontSize": "18px",
  "msgboxInfoColor": "#909399",
  "msgboxPaddingPrimary": "15px",
  "msgboxSuccessColor": "#67c23a",
  "msgboxWarningColor": "#e6a23c",
  "msgboxWidth": "420px",
  "notificationBorderColor": "#ebeef5",
  "notificationCloseColor": "#909399",
  "notificationCloseFontSize": "16px",
  "notificationCloseHoverColor": "#606266",
  "notificationColor": "#606266",
  "notificationDangerColor": "#f56c6c",
  "notificationFontSize": "14px",
  "notificationGroupMargin": "13px",
  "notificationIconSize": "24px",
  "notificationInfoColor": "#909399",
  "notificationPadding": "14px 26px 14px 13px",
  "notificationRadius": "8px",
  "notificationShadow": "0 2px 12px 0 rgba(0, 0, 0, 0.1)",
  "notificationSuccessColor": "#67c23a",
  "notificationTitleColor": "#303133",
  "notificationTitleFontSize": "16px",
  "notificationWarningColor": "#e6a23c",
  "notificationWidth": "330px",
  "paginationBorderRadius": "3px",
  "paginationButtonColor": "#303133",
  "paginationButtonDisabledColor": "#c0c4cc",
  "paginationButtonDisabledFill": "#fff",
  "paginationButtonHeight": "28px",
  "paginationButtonWidth": "35.5px",
  "paginationColor": "#303133",
  "paginationFill": "#fff",
  "paginationFontSize": "13px",
  "paginationHoverColor": "#fff",
  "paginationHoverFill": "#409EFF",
  "popoverArrowSize": "6px",
  "popoverBorderColor": "#ebeef5",
  "popoverFill": "#fff",
  "popoverFontSize": "14px",
  "popoverPadding": "12px",
  "popoverPaddingLarge": "18px 20px",
  "popoverTitleColor": "#303133",
  "popoverTitleFontSize": "16px",
  "radioBorderedHeight": "40px",
  "radioBorderedMediumHeight": "36px",
  "radioBorderedMediumInputHeight": "14px",
  "radioBorderedMediumInputWidth": "14px",
  "radioBorderedMediumPadding": "10px 20px 0 10px",
  "radioBorderedMiniHeight": "28px",
  "radioBorderedMiniInputHeight": "12px",
  "radioBorderedMiniInputWidth": "12px",
  "radioBorderedMiniPadding": "6px 15px 0 10px",
  "radioBorderedPadding": "12px 20px 0 10px",
  "radioBorderedSmallHeight": "32px",
  "radioBorderedSmallInputHeight": "12px",
  "radioBorderedSmallInputWidth": "12px",
  "radioBorderedSmallPadding": "8px 15px 0 10px",
  "radioButtonCheckedBorderColor": "#409EFF",
  "radioButtonCheckedColor": "#fff",
  "radioButtonCheckedFill": "#409EFF",
  "radioButtonDisabledCheckedFill": "#f2f6fc",
  "radioButtonFontSize": "14px",
  "radioCheckedIconColor": "#409EFF",
  "radioCheckedInputBorderColor": "#409EFF",
  "radioCheckedInputFill": "#fff",
  "radioCheckedTextColor": "#409EFF",
  "radioColor": "#606266",
  "radioDisabledCheckedIconColor": "#c0c4cc",
  "radioDisabledCheckedInputBorderColor": "#e4e7ed",
  "radioDisabledCheckedInputFill": "#f5f7fa",
  "radioDisabledIconColor": "#f5f7fa",
  "radioDisabledInputBorderColor": "#e4e7ed",
  "radioDisabledInputFill": "#f5f7fa",
  "radioFontSize": "14px",
  "radioFontWeight": "500",
  "radioIconColor": "#fff",
  "radioInputBorder": "1px solid #dcdfe6",
  "radioInputBorderColor": "#dcdfe6",
  "radioInputBorderColorHover": "#409EFF",
  "radioInputBorderRadius": "100%",
  "radioInputFill": "#fff",
  "radioInputHeight": "14px",
  "radioInputWidth": "14px",
  "rateFontSize": "14px",
  "rateHeight": "20px",
  "rateIconColor": "#c0c4cc",
  "rateIconMargin": "6px",
  "rateIconSize": "18px",
  "scrollbarBackgroundColor": "rgba(144, 147, 153, 0.3)",
  "scrollbarHoverBackgroundColor": "rgba(144, 147, 153, 0.5)",
  "selectBorderColorHover": "#c0c4cc",
  "selectCloseHoverColor": "#909399",
  "selectDisabledBorder": "#e4e7ed",
  "selectDropdownBackground": "#fff",
  "selectDropdownBorder": "solid 1px #e4e7ed",
  "selectDropdownEmptyColor": "#999",
  "selectDropdownEmptyPadding": "10px 0",
  "selectDropdownMaxHeight": "274px",
  "selectDropdownPadding": "6px 0",
  "selectDropdownShadow": "0 2px 12px 0 rgba(0, 0, 0, 0.1)",
  "selectFontSize": "14px",
  "selectGroupColor": "#909399",
  "selectGroupFontSize": "12px",
  "selectGroupHeight": "30px",
  "selectInputColor": "#c0c4cc",
  "selectInputFocusBackground": "#409EFF",
  "selectInputFontSize": "14px",
  "selectMultipleInputColor": "#666",
  "selectOptionColor": "#606266",
  "selectOptionDisabledBackground": "#fff",
  "selectOptionDisabledColor": "#c0c4cc",
  "selectOptionHeight": "34px",
  "selectOptionHoverBackground": "#f5f7fa",
  "selectOptionSelected": "#409EFF",
  "selectOptionSelectedHover": "#f5f7fa",
  "sizeBase": "14px",
  "sliderBorderRadius": "3px",
  "sliderButtonHoverColor": "#3e99f7",
  "sliderButtonSize": "16px",
  "sliderButtonWrapperOffset": "-15px",
  "sliderButtonWrapperSize": "36px",
  "sliderDisableColor": "#c0c4cc",
  "sliderHeight": "6px",
  "sliderMainBackgroundColor": "#409EFF",
  "sliderMargin": "16px 0",
  "sliderRunwayBackgroundColor": "#e4e7ed",
  "sliderStopBackgroundColor": "#fff",
  "sm": "768px",
  "stepsBorderColor": "#e4e7ed",
  "stepsBorderRadius": "4px",
  "stepsPadding": "20px",
  "switchButtonSize": "16px",
  "switchCoreBorderRadius": "10px",
  "switchDisabledColor": "#ebeef5",
  "switchDisabledTextColor": "#c0c4cc",
  "switchFontSize": "14px",
  "switchHeight": "20px",
  "switchOffColor": "#dcdfe6",
  "switchOnColor": "#409EFF",
  "switchWidth": "40px",
  "tabBorderLine": "1px solid #e4e4e4",
  "tabFontSize": "14px",
  "tabHeaderColor": "#606266",
  "tabHeaderColorActive": "#909399",
  "tabHeaderColorHover": "#606266",
  "tabHeaderFillActive": "rgba(0, 0, 0, 0.06)",
  "tabHeaderFillHover": "rgba(0, 0, 0, 0.06)",
  "tabVerticalHeaderCountColor": "#fff",
  "tabVerticalHeaderCountFill": "#909399",
  "tabVerticalHeaderWidth": "90px",
  "tableBorder": "1px solid #ebeef5",
  "tableCurrentRowBackground": "#ecf5ff",
  "tableFixedBoxShadow": "0 0 10px rgba(0, 0, 0, 0.12)",
  "tableFooterBackground": "#c0c4cc",
  "tableHeaderBackground": "#fff",
  "tableHeaderColor": "#909399",
  "tableRowHoverBackground": "#f5f7fa",
  "tableTextColor": "#606266",
  "tagBorder": "rgba(64, 158, 255, 0.2)",
  "tagBorderRadius": "4px",
  "tagColor": "#409EFF",
  "tagDangerBorder": "rgba(245, 108, 108, 0.2)",
  "tagDangerColor": "#f56c6c",
  "tagDangerFill": "rgba(245, 108, 108, 0.1)",
  "tagFill": "rgba(64, 158, 255, 0.1)",
  "tagFontSize": "12px",
  "tagInfoBorder": "rgba(144, 147, 153, 0.2)",
  "tagInfoColor": "#909399",
  "tagInfoFill": "rgba(144, 147, 153, 0.1)",
  "tagPadding": "0 10px",
  "tagPrimaryBorder": "rgba(64, 158, 255, 0.2)",
  "tagPrimaryColor": "#409EFF",
  "tagPrimaryFill": "rgba(64, 158, 255, 0.1)",
  "tagSuccessBorder": "rgba(103, 194, 58, 0.2)",
  "tagSuccessColor": "#67c23a",
  "tagSuccessFill": "rgba(103, 194, 58, 0.1)",
  "tagWarningBorder": "rgba(230, 162, 60, 0.2)",
  "tagWarningColor": "#e6a23c",
  "tagWarningFill": "rgba(230, 162, 60, 0.1)",
  "tooltipArrowSize": "6px",
  "tooltipBorderColor": "#303133",
  "tooltipColor": "#fff",
  "tooltipFill": "#303133",
  "tooltipFontSize": "12px",
  "tooltipPadding": "10px",
  "transferBorderColor": "#ebeef5",
  "transferBorderRadius": "4px",
  "transferFilterHeight": "32px",
  "transferItemHeight": "30px",
  "transferItemHoverBackground": "#909399",
  "transferPanelBodyHeight": "246px",
  "transferPanelFooterHeight": "40px",
  "transferPanelHeaderBackground": "#f5f7fa",
  "transferPanelHeaderHeight": "40px",
  "transferPanelWidth": "200px",
  "treeExpandIconColor": "#c0c4cc",
  "treeNodeHoverColor": "#f5f7fa",
  "treeTextColor": "#606266",
  "xl": "1920px",
}
`;

exports[`element-ui var.scss with camelCase=false should match snapshot 1`] = `
Object {
  "--alert-border-radius": "4px",
  "--alert-close-customed-font-size": "13px",
  "--alert-close-font-size": "12px",
  "--alert-danger-color": "#fef0f0",
  "--alert-description-font-size": "12px",
  "--alert-icon-large-size": "28px",
  "--alert-icon-size": "16px",
  "--alert-info-color": "#f4f4f5",
  "--alert-padding": "8px 16px",
  "--alert-success-color": "#f0f9eb",
  "--alert-title-font-size": "13px",
  "--alert-warning-color": "#fdf6ec",
  "--all-transition": "all 0.3s cubic-bezier(0.645, 0.045, 0.355, 1)",
  "--background-color-base": "#f5f7fa",
  "--badge-fill": "#f56c6c",
  "--badge-font-size": "12px",
  "--badge-padding": "6px",
  "--badge-radius": "10px",
  "--badge-size": "18px",
  "--border-base": "1px solid #dcdfe6",
  "--border-color-base": "#dcdfe6",
  "--border-color-extra-light": "#f2f6fc",
  "--border-color-hover": "#c0c4cc",
  "--border-color-light": "#e4e7ed",
  "--border-color-lighter": "#ebeef5",
  "--border-radius-base": "4px",
  "--border-radius-circle": "100%",
  "--border-radius-small": "2px",
  "--border-style-base": "solid",
  "--border-transition-base": "border-color 0.2s cubic-bezier(0.645, 0.045, 0.355, 1)",
  "--border-width-base": "1px",
  "--box-shadow-base": "0 2px 4px rgba(0, 0, 0, 0.12), 0 0 6px rgba(0, 0, 0, 0.04)",
  "--box-shadow-dark": "0 2px 4px rgba(0, 0, 0, 0.12), 0 0 6px rgba(0, 0, 0, 0.12)",
  "--box-shadow-light": "0 2px 12px 0 rgba(0, 0, 0, 0.1)",
  "--breakpoints": Object {
    "lg": "(min-width: 1200px)",
    "md": "(min-width: 992px)",
    "sm": "(min-width: 768px)",
    "xl": "(min-width: 1920px)",
    "xs": "(max-width: 768px)",
  },
  "--breakpoints-spec": Object {
    "lg-and-down": "(max-width: 1919px)",
    "lg-and-up": "(min-width: 1200px)",
    "lg-only": "(min-width: 1200px) and (max-width: 1920px - 1)",
    "md-and-down": "(max-width: 1199px)",
    "md-and-up": "(min-width: 992px)",
    "md-only": "(min-width: 992px) and (max-width: 1200px - 1)",
    "sm-and-down": "(max-width: 991px)",
    "sm-and-up": "(min-width: 768px)",
    "sm-only": "(min-width: 768px) and (max-width: 992px - 1)",
    "xl-only": "(min-width: 1920px)",
    "xs-only": "(max-width: 767px)",
  },
  "--button-active-shade-percent": "10%",
  "--button-border-radius": "4px",
  "--button-danger-border": "#f56c6c",
  "--button-danger-color": "#fff",
  "--button-danger-fill": "#f56c6c",
  "--button-default-border": "#dcdfe6",
  "--button-default-color": "#606266",
  "--button-default-fill": "#fff",
  "--button-disabled-border": "#ebeef5",
  "--button-disabled-color": "#c0c4cc",
  "--button-disabled-fill": "#fff",
  "--button-font-size": "14px",
  "--button-font-weight": "500",
  "--button-hover-tint-percent": "20%",
  "--button-info-border": "#909399",
  "--button-info-color": "#fff",
  "--button-info-fill": "#909399",
  "--button-medium-border-radius": "4px",
  "--button-medium-font-size": "14px",
  "--button-medium-padding-horizontal": "20px",
  "--button-medium-padding-vertical": "10px",
  "--button-mini-border-radius": "3px",
  "--button-mini-font-size": "12px",
  "--button-mini-padding-horizontal": "15px",
  "--button-mini-padding-vertical": "7px",
  "--button-padding-horizontal": "20px",
  "--button-padding-vertical": "12px",
  "--button-primary-border": "#409EFF",
  "--button-primary-color": "#fff",
  "--button-primary-fill": "#409EFF",
  "--button-small-border-radius": "3px",
  "--button-small-font-size": "12px",
  "--button-small-padding-horizontal": "15px",
  "--button-small-padding-vertical": "9px",
  "--button-success-border": "#67c23a",
  "--button-success-color": "#fff",
  "--button-success-fill": "#67c23a",
  "--button-warning-border": "#e6a23c",
  "--button-warning-color": "#fff",
  "--button-warning-fill": "#e6a23c",
  "--card-border-color": "#ebeef5",
  "--card-border-radius": "4px",
  "--card-padding": "20px",
  "--carousel-arrow-background": "rgba(31, 45, 61, 0.11)",
  "--carousel-arrow-font-size": "12px",
  "--carousel-arrow-hover-background": "rgba(31, 45, 61, 0.23)",
  "--carousel-arrow-size": "36px",
  "--carousel-indicator-height": "2px",
  "--carousel-indicator-out-color": "#c0c4cc",
  "--carousel-indicator-padding-horizontal": "4px",
  "--carousel-indicator-padding-vertical": "12px",
  "--carousel-indicator-width": "30px",
  "--cascader-height": "200px",
  "--cascader-menu-border": "1px solid #dcdfe6",
  "--cascader-menu-border-color": "#dcdfe6",
  "--cascader-menu-border-width": "1px",
  "--cascader-menu-color": "#606266",
  "--cascader-menu-fill": "#fff",
  "--cascader-menu-font-size": "14px",
  "--cascader-menu-group-color": "#999",
  "--cascader-menu-option-color-active": "#909399",
  "--cascader-menu-option-color-disabled": "#999",
  "--cascader-menu-option-color-hover": "#606266",
  "--cascader-menu-option-empty-color": "#666",
  "--cascader-menu-option-fill-active": "rgba(144, 147, 153, 0.12)",
  "--cascader-menu-option-fill-disabled": "rgba(0, 0, 0, 0.06)",
  "--cascader-menu-option-fill-hover": "rgba(48, 49, 51, 0.06)",
  "--cascader-menu-option-pinyin-color": "#999",
  "--cascader-menu-radius": "4px",
  "--cascader-menu-shadow": "0 1px 2px rgba(0, 0, 0, 0.14), 0 0 3px rgba(0, 0, 0, 0.14)",
  "--cascader-menu-submenu-shadow": "1px 1px 2px rgba(0, 0, 0, 0.14), 1px 0 2px rgba(0, 0, 0, 0.14)",
  "--checkbox-bordered-height": "40px",
  "--checkbox-bordered-medium-height": "36px",
  "--checkbox-bordered-medium-input-height": "14px",
  "--checkbox-bordered-medium-input-width": "14px",
  "--checkbox-bordered-medium-padding": "7px 20px 7px 10px",
  "--checkbox-bordered-mini-height": "28px",
  "--checkbox-bordered-mini-input-height": "12px",
  "--checkbox-bordered-mini-input-width": "12px",
  "--checkbox-bordered-mini-padding": "3px 15px 3px 10px",
  "--checkbox-bordered-padding": "9px 20px 9px 10px",
  "--checkbox-bordered-small-height": "32px",
  "--checkbox-bordered-small-input-height": "12px",
  "--checkbox-bordered-small-input-width": "12px",
  "--checkbox-bordered-small-padding": "5px 15px 5px 10px",
  "--checkbox-button-checked-border-color": "#409EFF",
  "--checkbox-button-checked-color": "#fff",
  "--checkbox-button-checked-fill": "#409EFF",
  "--checkbox-button-font-size": "14px",
  "--checkbox-checked-icon-color": "#fff",
  "--checkbox-checked-input-border-color": "#409EFF",
  "--checkbox-checked-input-fill": "#409EFF",
  "--checkbox-checked-text-color": "#409EFF",
  "--checkbox-color": "#606266",
  "--checkbox-disabled-checked-icon-color": "#c0c4cc",
  "--checkbox-disabled-checked-input-border-color": "#dcdfe6",
  "--checkbox-disabled-checked-input-fill": "#f2f6fc",
  "--checkbox-disabled-icon-color": "#c0c4cc",
  "--checkbox-disabled-input-border-color": "#dcdfe6",
  "--checkbox-disabled-input-fill": "#edf2fc",
  "--checkbox-font-size": "14px",
  "--checkbox-font-weight": "500",
  "--checkbox-icon-color": "#fff",
  "--checkbox-input-border": "1px solid #dcdfe6",
  "--checkbox-input-border-color": "#dcdfe6",
  "--checkbox-input-border-color-hover": "#409EFF",
  "--checkbox-input-border-radius": "2px",
  "--checkbox-input-fill": "#fff",
  "--checkbox-input-height": "14px",
  "--checkbox-input-width": "14px",
  "--collapse-border-color": "#ebeef5",
  "--collapse-content-color": "#303133",
  "--collapse-content-fill": "#fff",
  "--collapse-content-size": "13px",
  "--collapse-header-color": "#303133",
  "--collapse-header-fill": "#fff",
  "--collapse-header-height": "48px",
  "--collapse-header-padding": "20px",
  "--collapse-header-size": "13px",
  "--color-black": "#000",
  "--color-danger": "#f56c6c",
  "--color-danger-light": "#fde2e2",
  "--color-danger-lighter": "#fef0f0",
  "--color-info": "#909399",
  "--color-info-light": "#e9e9eb",
  "--color-info-lighter": "#f4f4f5",
  "--color-primary": "#409EFF",
  "--color-primary-light-1": "#53a8ff",
  "--color-primary-light-2": "#66b1ff",
  "--color-primary-light-3": "#79bbff",
  "--color-primary-light-4": "#8cc5ff",
  "--color-primary-light-5": "#a0cfff",
  "--color-primary-light-6": "#b3d8ff",
  "--color-primary-light-7": "#c6e2ff",
  "--color-primary-light-8": "#d9ecff",
  "--color-primary-light-9": "#ecf5ff",
  "--color-success": "#67c23a",
  "--color-success-light": "#e1f3d8",
  "--color-success-lighter": "#f0f9eb",
  "--color-text-placeholder": "#c0c4cc",
  "--color-text-primary": "#303133",
  "--color-text-regular": "#606266",
  "--color-text-secondary": "#909399",
  "--color-transition-base": "color 0.2s cubic-bezier(0.645, 0.045, 0.355, 1)",
  "--color-warning": "#e6a23c",
  "--color-warning-light": "#faecd8",
  "--color-warning-lighter": "#fdf6ec",
  "--color-white": "#fff",
  "--datepicker-active-color": "#409EFF",
  "--datepicker-border-color": "#e4e7ed",
  "--datepicker-cell-hover-color": "#fff",
  "--datepicker-color": "#606266",
  "--datepicker-header-color": "#606266",
  "--datepicker-icon-color": "#303133",
  "--datepicker-inner-border-color": "#e4e4e4",
  "--datepicker-inrange-color": "#f2f6fc",
  "--datepicker-inrange-hover-color": "#f2f6fc",
  "--datepicker-off-color": "#c0c4cc",
  "--datepicker-text-hover-color": "#409EFF",
  "--dialog-background-color": "#8cc5ff",
  "--dialog-box-shadow": "0 1px 3px rgba(0, 0, 0, 0.3)",
  "--dialog-close-hover-color": "#409EFF",
  "--dialog-font-size": "14px",
  "--dialog-line-height": "24px",
  "--dialog-padding-primary": "20px",
  "--dialog-title-font-size": "18px",
  "--disabled-border-base": "#e4e7ed",
  "--disabled-color-base": "#c0c4cc",
  "--disabled-fill-base": "#f5f7fa",
  "--dropdown-menu-box-shadow": "0 2px 12px 0 rgba(0, 0, 0, 0.1)",
  "--dropdown-menuItem-hover-color": "#66b1ff",
  "--dropdown-menuItem-hover-fill": "#ecf5ff",
  "--fade-linear-transition": "opacity 200ms linear",
  "--fade-transition": "opacity 300ms cubic-bezier(0.23, 1, 0.32, 1)",
  "--fill-base": "#fff",
  "--font-color-disabled-base": "#bbb",
  "--font-line-height-primary": "24px",
  "--font-path": "\\"fonts\\"",
  "--font-size-base": "14px",
  "--font-size-large": "18px",
  "--font-size-small": "13px",
  "--font-weight-primary": "500",
  "--footer-padding": "0 20px",
  "--group-option-fill-hover": "rgba(0, 0, 0, 0.06)",
  "--group-option-flex": "0 0 20%",
  "--group-option-offset-bottom": "12px",
  "--group-title-color": "#000",
  "--group-title-font-size": "14px",
  "--group-title-width": "66px",
  "--header-padding": "0 20px",
  "--icon-color": "#666",
  "--icon-color-base": "#909399",
  "--index-normal": "1",
  "--index-popper": "2000",
  "--index-top": "1000",
  "--input-border": "1px solid #dcdfe6",
  "--input-border-color": "#dcdfe6",
  "--input-border-color-hover": "#c0c4cc",
  "--input-border-radius": "4px",
  "--input-clear-hover-color": "#909399",
  "--input-color": "#606266",
  "--input-color-disabled": "#bbb",
  "--input-disabled-border": "#e4e7ed",
  "--input-disabled-color": "#c0c4cc",
  "--input-disabled-fill": "#f5f7fa",
  "--input-disabled-placeholder-color": "#c0c4cc",
  "--input-fill": "#fff",
  "--input-fill-disabled": "#f5f7fa",
  "--input-focus-border": "#409EFF",
  "--input-focus-fill": "#fff",
  "--input-font-size": "14px",
  "--input-height": "40px",
  "--input-hover-border": "#c0c4cc",
  "--input-icon-color": "#c0c4cc",
  "--input-max-width": "314px",
  "--input-medium-font-size": "14px",
  "--input-medium-height": "36px",
  "--input-mini-font-size": "12px",
  "--input-mini-height": "28px",
  "--input-placeholder-color": "#c0c4cc",
  "--input-small-font-size": "13px",
  "--input-small-height": "32px",
  "--input-width": "140px",
  "--lg": "1200px",
  "--link-color": "#66b1ff",
  "--link-hover-color": "#409EFF",
  "--loading-fullscreen-spinner-size": "50px",
  "--loading-spinner-size": "42px",
  "--main-padding": "20px",
  "--md": "992px",
  "--md-fade-transition": "transform 300ms cubic-bezier(0.23, 1, 0.32, 1), opacity 300ms cubic-bezier(0.23, 1, 0.32, 1)",
  "--menu-item-color": "#303133",
  "--menu-item-fill": "#fff",
  "--menu-item-hover-fill": "#ecf5ff",
  "--message-background-color": "#edf2fc",
  "--message-close-color": "#c0c4cc",
  "--message-close-hover-color": "#909399",
  "--message-close-size": "16px",
  "--message-content-color": "#606266",
  "--message-danger-color": "#f56c6c",
  "--message-info-color": "#909399",
  "--message-min-width": "380px",
  "--message-padding": "15px 15px 15px 20px",
  "--message-shadow": "0 2px 4px rgba(0, 0, 0, 0.12), 0 0 6px rgba(0, 0, 0, 0.04)",
  "--message-success-color": "#67c23a",
  "--message-warning-color": "#e6a23c",
  "--msgbox-border-radius": "4px",
  "--msgbox-content-color": "#606266",
  "--msgbox-content-font-size": "14px",
  "--msgbox-danger-color": "#f56c6c",
  "--msgbox-error-font-size": "12px",
  "--msgbox-font-size": "18px",
  "--msgbox-info-color": "#909399",
  "--msgbox-padding-primary": "15px",
  "--msgbox-success-color": "#67c23a",
  "--msgbox-warning-color": "#e6a23c",
  "--msgbox-width": "420px",
  "--notification-border-color": "#ebeef5",
  "--notification-close-color": "#909399",
  "--notification-close-font-size": "16px",
  "--notification-close-hover-color": "#606266",
  "--notification-color": "#606266",
  "--notification-danger-color": "#f56c6c",
  "--notification-font-size": "14px",
  "--notification-group-margin": "13px",
  "--notification-icon-size": "24px",
  "--notification-info-color": "#909399",
  "--notification-padding": "14px 26px 14px 13px",
  "--notification-radius": "8px",
  "--notification-shadow": "0 2px 12px 0 rgba(0, 0, 0, 0.1)",
  "--notification-success-color": "#67c23a",
  "--notification-title-color": "#303133",
  "--notification-title-font-size": "16px",
  "--notification-warning-color": "#e6a23c",
  "--notification-width": "330px",
  "--pagination-border-radius": "3px",
  "--pagination-button-color": "#303133",
  "--pagination-button-disabled-color": "#c0c4cc",
  "--pagination-button-disabled-fill": "#fff",
  "--pagination-button-height": "28px",
  "--pagination-button-width": "35.5px",
  "--pagination-color": "#303133",
  "--pagination-fill": "#fff",
  "--pagination-font-size": "13px",
  "--pagination-hover-color": "#fff",
  "--pagination-hover-fill": "#409EFF",
  "--popover-arrow-size": "6px",
  "--popover-border-color": "#ebeef5",
  "--popover-fill": "#fff",
  "--popover-font-size": "14px",
  "--popover-padding": "12px",
  "--popover-padding-large": "18px 20px",
  "--popover-title-color": "#303133",
  "--popover-title-font-size": "16px",
  "--radio-bordered-height": "40px",
  "--radio-bordered-medium-height": "36px",
  "--radio-bordered-medium-input-height": "14px",
  "--radio-bordered-medium-input-width": "14px",
  "--radio-bordered-medium-padding": "10px 20px 0 10px",
  "--radio-bordered-mini-height": "28px",
  "--radio-bordered-mini-input-height": "12px",
  "--radio-bordered-mini-input-width": "12px",
  "--radio-bordered-mini-padding": "6px 15px 0 10px",
  "--radio-bordered-padding": "12px 20px 0 10px",
  "--radio-bordered-small-height": "32px",
  "--radio-bordered-small-input-height": "12px",
  "--radio-bordered-small-input-width": "12px",
  "--radio-bordered-small-padding": "8px 15px 0 10px",
  "--radio-button-checked-border-color": "#409EFF",
  "--radio-button-checked-color": "#fff",
  "--radio-button-checked-fill": "#409EFF",
  "--radio-button-disabled-checked-fill": "#f2f6fc",
  "--radio-button-font-size": "14px",
  "--radio-checked-icon-color": "#409EFF",
  "--radio-checked-input-border-color": "#409EFF",
  "--radio-checked-input-fill": "#fff",
  "--radio-checked-text-color": "#409EFF",
  "--radio-color": "#606266",
  "--radio-disabled-checked-icon-color": "#c0c4cc",
  "--radio-disabled-checked-input-border-color": "#e4e7ed",
  "--radio-disabled-checked-input-fill": "#f5f7fa",
  "--radio-disabled-icon-color": "#f5f7fa",
  "--radio-disabled-input-border-color": "#e4e7ed",
  "--radio-disabled-input-fill": "#f5f7fa",
  "--radio-font-size": "14px",
  "--radio-font-weight": "500",
  "--radio-icon-color": "#fff",
  "--radio-input-border": "1px solid #dcdfe6",
  "--radio-input-border-color": "#dcdfe6",
  "--radio-input-border-color-hover": "#409EFF",
  "--radio-input-border-radius": "100%",
  "--radio-input-fill": "#fff",
  "--radio-input-height": "14px",
  "--radio-input-width": "14px",
  "--rate-font-size": "14px",
  "--rate-height": "20px",
  "--rate-icon-color": "#c0c4cc",
  "--rate-icon-margin": "6px",
  "--rate-icon-size": "18px",
  "--scrollbar-background-color": "rgba(144, 147, 153, 0.3)",
  "--scrollbar-hover-background-color": "rgba(144, 147, 153, 0.5)",
  "--select-border-color-hover": "#c0c4cc",
  "--select-close-hover-color": "#909399",
  "--select-disabled-border": "#e4e7ed",
  "--select-dropdown-background": "#fff",
  "--select-dropdown-border": "solid 1px #e4e7ed",
  "--select-dropdown-empty-color": "#999",
  "--select-dropdown-empty-padding": "10px 0",
  "--select-dropdown-max-height": "274px",
  "--select-dropdown-padding": "6px 0",
  "--select-dropdown-shadow": "0 2px 12px 0 rgba(0, 0, 0, 0.1)",
  "--select-font-size": "14px",
  "--select-group-color": "#909399",
  "--select-group-font-size": "12px",
  "--select-group-height": "30px",
  "--select-input-color": "#c0c4cc",
  "--select-input-focus-background": "#409EFF",
  "--select-input-font-size": "14px",
  "--select-multiple-input-color": "#666",
  "--select-option-color": "#606266",
  "--select-option-disabled-background": "#fff",
  "--select-option-disabled-color": "#c0c4cc",
  "--select-option-height": "34px",
  "--select-option-hover-background": "#f5f7fa",
  "--select-option-selected": "#409EFF",
  "--select-option-selected-hover": "#f5f7fa",
  "--size-base": "14px",
  "--slider-border-radius": "3px",
  "--slider-button-hover-color": "#3e99f7",
  "--slider-button-size": "16px",
  "--slider-button-wrapper-offset": "-15px",
  "--slider-button-wrapper-size": "36px",
  "--slider-disable-color": "#c0c4cc",
  "--slider-height": "6px",
  "--slider-main-background-color": "#409EFF",
  "--slider-margin": "16px 0",
  "--slider-runway-background-color": "#e4e7ed",
  "--slider-stop-background-color": "#fff",
  "--sm": "768px",
  "--steps-border-color": "#e4e7ed",
  "--steps-border-radius": "4px",
  "--steps-padding": "20px",
  "--switch-button-size": "16px",
  "--switch-core-border-radius": "10px",
  "--switch-disabled-color": "#ebeef5",
  "--switch-disabled-text-color": "#c0c4cc",
  "--switch-font-size": "14px",
  "--switch-height": "20px",
  "--switch-off-color": "#dcdfe6",
  "--switch-on-color": "#409EFF",
  "--switch-width": "40px",
  "--tab-border-line": "1px solid #e4e4e4",
  "--tab-font-size": "14px",
  "--tab-header-color": "#606266",
  "--tab-header-color-active": "#909399",
  "--tab-header-color-hover": "#606266",
  "--tab-header-fill-active": "rgba(0, 0, 0, 0.06)",
  "--tab-header-fill-hover": "rgba(0, 0, 0, 0.06)",
  "--tab-vertical-header-count-color": "#fff",
  "--tab-vertical-header-count-fill": "#909399",
  "--tab-vertical-header-width": "90px",
  "--table-border": "1px solid #ebeef5",
  "--table-current-row-background": "#ecf5ff",
  "--table-fixed-box-shadow": "0 0 10px rgba(0, 0, 0, 0.12)",
  "--table-footer-background": "#c0c4cc",
  "--table-header-background": "#fff",
  "--table-header-color": "#909399",
  "--table-row-hover-background": "#f5f7fa",
  "--table-text-color": "#606266",
  "--tag-border": "rgba(64, 158, 255, 0.2)",
  "--tag-border-radius": "4px",
  "--tag-color": "#409EFF",
  "--tag-danger-border": "rgba(245, 108, 108, 0.2)",
  "--tag-danger-color": "#f56c6c",
  "--tag-danger-fill": "rgba(245, 108, 108, 0.1)",
  "--tag-fill": "rgba(64, 158, 255, 0.1)",
  "--tag-font-size": "12px",
  "--tag-info-border": "rgba(144, 147, 153, 0.2)",
  "--tag-info-color": "#909399",
  "--tag-info-fill": "rgba(144, 147, 153, 0.1)",
  "--tag-padding": "0 10px",
  "--tag-primary-border": "rgba(64, 158, 255, 0.2)",
  "--tag-primary-color": "#409EFF",
  "--tag-primary-fill": "rgba(64, 158, 255, 0.1)",
  "--tag-success-border": "rgba(103, 194, 58, 0.2)",
  "--tag-success-color": "#67c23a",
  "--tag-success-fill": "rgba(103, 194, 58, 0.1)",
  "--tag-warning-border": "rgba(230, 162, 60, 0.2)",
  "--tag-warning-color": "#e6a23c",
  "--tag-warning-fill": "rgba(230, 162, 60, 0.1)",
  "--tooltip-arrow-size": "6px",
  "--tooltip-border-color": "#303133",
  "--tooltip-color": "#fff",
  "--tooltip-fill": "#303133",
  "--tooltip-font-size": "12px",
  "--tooltip-padding": "10px",
  "--transfer-border-color": "#ebeef5",
  "--transfer-border-radius": "4px",
  "--transfer-filter-height": "32px",
  "--transfer-item-height": "30px",
  "--transfer-item-hover-background": "#909399",
  "--transfer-panel-body-height": "246px",
  "--transfer-panel-footer-height": "40px",
  "--transfer-panel-header-background": "#f5f7fa",
  "--transfer-panel-header-height": "40px",
  "--transfer-panel-width": "200px",
  "--tree-expand-icon-color": "#c0c4cc",
  "--tree-node-hover-color": "#f5f7fa",
  "--tree-text-color": "#606266",
  "--xl": "1920px",
}
`;
